import sys
from app import app

client = app.test_client()
test_endpoints = [
    ('/api/grafico_demanda_historica?producto=Todos&meses=6&modo=produccion', 'Dashboard: hist'),
    ('/api/grafico_pronostico_barras?producto=Todos&meses=6&modo=produccion', 'Dashboard: barras'),
    ('/api/grafico_ventas_pronostico?producto=Todos&meses=6&modo=produccion', 'Dashboard: ventas'),
    ('/api/grafico_pap_resumen?producto=Todos&meses=3&modo=produccion', 'Dashboard: pap'),
    ('/api/grafico_pap_resumen?producto=Todos&meses=3&modo=produccion', 'PAP: main'),
]

for url, name in test_endpoints:
    try:
        r = client.get(url)
        data = r.get_json()
        img_len = len(data.get('img', '')) if data else 0
        print(f"{name}: status={r.status_code}, img_len={img_len}", flush=True)
    except Exception as e:
        print(f"{name}: ERROR {e}", flush=True)
